
*** Running vivado
    with args -log top_encryption.vds -m64 -product Vivado -mode batch -messageDb vivado.pb -notrace -source top_encryption.tcl



****** Vivado v2024.2 (64-bit)
  **** SW Build 5239630 on Fri Nov 08 22:35:27 MST 2024
  **** IP Build 5239520 on Sun Nov 10 16:12:51 MST 2024
  **** SharedData Build 5239561 on Fri Nov 08 14:39:27 MST 2024
  **** Start of session at: Sun Aug  3 14:16:50 2025
    ** Copyright 1986-2022 Xilinx, Inc. All Rights Reserved.
    ** Copyright 2022-2024 Advanced Micro Devices, Inc. All Rights Reserved.

source top_encryption.tcl -notrace
create_project: Time (s): cpu = 00:00:03 ; elapsed = 00:00:06 . Memory (MB): peak = 347.910 ; gain = 59.973
Command: read_checkpoint -auto_incremental -incremental {D:/Vivado documents/AES_CTR_Encryption_Decryption/aes_ctr_core_pipelined/AES_ctr_core_pipelined.srcs/utils_1/imports/synth_1/top_encryption.dcp}
INFO: [Vivado 12-5825] Read reference checkpoint from D:/Vivado documents/AES_CTR_Encryption_Decryption/aes_ctr_core_pipelined/AES_ctr_core_pipelined.srcs/utils_1/imports/synth_1/top_encryption.dcp for incremental synthesis
INFO: [Vivado 12-7989] Please ensure there are no constraint changes
Command: synth_design -top top_encryption -part xc7a100tcsg324-1
Starting synth_design
Attempting to get a license for feature 'Synthesis' and/or device 'xc7a100t'
INFO: [Common 17-349] Got license for feature 'Synthesis' and/or device 'xc7a100t'
INFO: [Device 21-403] Loading part xc7a100tcsg324-1
INFO: [Designutils 20-5440] No compile time benefit to using incremental synthesis; A full resynthesis will be run
INFO: [Designutils 20-4379] Flow is switching to default flow due to incremental criteria not met. If you would like to alter this behaviour and have the flow terminate instead, please set the following parameter config_implementation {autoIncr.Synth.RejectBehavior Terminate}
INFO: [Synth 8-7079] Multithreading enabled for synth_design using a maximum of 2 processes.
INFO: [Synth 8-7078] Launching helper process for spawning children vivado processes
INFO: [Synth 8-7075] Helper process launched with PID 8060
---------------------------------------------------------------------------------
Starting RTL Elaboration : Time (s): cpu = 00:00:06 ; elapsed = 00:00:08 . Memory (MB): peak = 1026.684 ; gain = 469.586
---------------------------------------------------------------------------------
INFO: [Synth 8-11241] undeclared symbol 'key_expansion_done', assumed default net type 'wire' [D:/Vivado documents/AES_CTR_Encryption_Decryption/aes_ctr_core_pipelined/AES_ctr_core_pipelined.srcs/sources_1/top_encryption.v:37]
INFO: [Synth 8-11241] undeclared symbol 'done', assumed default net type 'wire' [D:/Vivado documents/AES_CTR_Encryption_Decryption/aes_ctr_core_pipelined/AES_ctr_core_pipelined.srcs/sources_1/top_encryption.v:40]
INFO: [Synth 8-6157] synthesizing module 'top_encryption' [D:/Vivado documents/AES_CTR_Encryption_Decryption/aes_ctr_core_pipelined/AES_ctr_core_pipelined.srcs/sources_1/top_encryption.v:4]
INFO: [Synth 8-6157] synthesizing module 'AES_Core' [D:/Vivado documents/AES_CTR_Encryption_Decryption/aes_ctr_core_pipelined/AES_ctr_core_pipelined.srcs/sources_1/new/AES_Core_4sPipe.v:3]
INFO: [Synth 8-6157] synthesizing module 'subbytes' [D:/Vivado documents/AES_CTR_Encryption_Decryption/aes_ctr_core_pipelined/AES_ctr_core_pipelined.srcs/sources_1/sub_modules/subbytes.v:22]
INFO: [Synth 8-6157] synthesizing module 'sbox_module' [D:/Vivado documents/AES_CTR_Encryption_Decryption/aes_enc_dec_cores/AES_enc_Core/key_expansion/sbox.v:1]
INFO: [Synth 8-6155] done synthesizing module 'sbox_module' (0#1) [D:/Vivado documents/AES_CTR_Encryption_Decryption/aes_enc_dec_cores/AES_enc_Core/key_expansion/sbox.v:1]
INFO: [Synth 8-6155] done synthesizing module 'subbytes' (0#1) [D:/Vivado documents/AES_CTR_Encryption_Decryption/aes_ctr_core_pipelined/AES_ctr_core_pipelined.srcs/sources_1/sub_modules/subbytes.v:22]
INFO: [Synth 8-6157] synthesizing module 'shiftrows' [D:/Vivado documents/AES_CTR_Encryption_Decryption/aes_ctr_core_pipelined/AES_ctr_core_pipelined.srcs/sources_1/sub_modules/ShiftRows.v:27]
INFO: [Synth 8-6155] done synthesizing module 'shiftrows' (0#1) [D:/Vivado documents/AES_CTR_Encryption_Decryption/aes_ctr_core_pipelined/AES_ctr_core_pipelined.srcs/sources_1/sub_modules/ShiftRows.v:27]
INFO: [Synth 8-6157] synthesizing module 'mixcolumns' [D:/Vivado documents/AES_CTR_Encryption_Decryption/aes_ctr_core_pipelined/AES_ctr_core_pipelined.srcs/sources_1/sub_modules/MixColumns.v:22]
INFO: [Synth 8-6157] synthesizing module 'mix_single_column' [D:/Vivado documents/AES_CTR_Encryption_Decryption/aes_ctr_core_pipelined/AES_ctr_core_pipelined.srcs/sources_1/sub_modules/MixColumns.v:42]
INFO: [Synth 8-6155] done synthesizing module 'mix_single_column' (0#1) [D:/Vivado documents/AES_CTR_Encryption_Decryption/aes_ctr_core_pipelined/AES_ctr_core_pipelined.srcs/sources_1/sub_modules/MixColumns.v:42]
INFO: [Synth 8-6155] done synthesizing module 'mixcolumns' (0#1) [D:/Vivado documents/AES_CTR_Encryption_Decryption/aes_ctr_core_pipelined/AES_ctr_core_pipelined.srcs/sources_1/sub_modules/MixColumns.v:22]
INFO: [Synth 8-6157] synthesizing module 'addroundkey' [D:/Vivado documents/AES_CTR_Encryption_Decryption/aes_ctr_core_pipelined/AES_ctr_core_pipelined.srcs/sources_1/sub_modules/AddRoundKey.v:22]
INFO: [Synth 8-6155] done synthesizing module 'addroundkey' (0#1) [D:/Vivado documents/AES_CTR_Encryption_Decryption/aes_ctr_core_pipelined/AES_ctr_core_pipelined.srcs/sources_1/sub_modules/AddRoundKey.v:22]
INFO: [Synth 8-155] case statement is not full and has no default [D:/Vivado documents/AES_CTR_Encryption_Decryption/aes_ctr_core_pipelined/AES_ctr_core_pipelined.srcs/sources_1/new/AES_Core_4sPipe.v:141]
INFO: [Synth 8-6155] done synthesizing module 'AES_Core' (0#1) [D:/Vivado documents/AES_CTR_Encryption_Decryption/aes_ctr_core_pipelined/AES_ctr_core_pipelined.srcs/sources_1/new/AES_Core_4sPipe.v:3]
INFO: [Synth 8-6157] synthesizing module 'key_expansion' [D:/Vivado documents/AES_CTR_Encryption_Decryption/aes_ctr_core_pipelined/AES_ctr_core_pipelined.srcs/sources_1/key_expansion.v:3]
INFO: [Synth 8-155] case statement is not full and has no default [D:/Vivado documents/AES_CTR_Encryption_Decryption/aes_ctr_core_pipelined/AES_ctr_core_pipelined.srcs/sources_1/key_expansion.v:62]
INFO: [Synth 8-6155] done synthesizing module 'key_expansion' (0#1) [D:/Vivado documents/AES_CTR_Encryption_Decryption/aes_ctr_core_pipelined/AES_ctr_core_pipelined.srcs/sources_1/key_expansion.v:3]
INFO: [Synth 8-155] case statement is not full and has no default [D:/Vivado documents/AES_CTR_Encryption_Decryption/aes_ctr_core_pipelined/AES_ctr_core_pipelined.srcs/sources_1/top_encryption.v:59]
INFO: [Synth 8-6155] done synthesizing module 'top_encryption' (0#1) [D:/Vivado documents/AES_CTR_Encryption_Decryption/aes_ctr_core_pipelined/AES_ctr_core_pipelined.srcs/sources_1/top_encryption.v:4]
WARNING: [Synth 8-7137] Register round_keys_reg[0] in module AES_Core has both Set and reset with same priority. This may cause simulation mismatches. Consider rewriting code  [D:/Vivado documents/AES_CTR_Encryption_Decryption/aes_ctr_core_pipelined/AES_ctr_core_pipelined.srcs/sources_1/new/AES_Core_4sPipe.v:84]
WARNING: [Synth 8-7137] Register round_keys_reg[1] in module AES_Core has both Set and reset with same priority. This may cause simulation mismatches. Consider rewriting code  [D:/Vivado documents/AES_CTR_Encryption_Decryption/aes_ctr_core_pipelined/AES_ctr_core_pipelined.srcs/sources_1/new/AES_Core_4sPipe.v:84]
WARNING: [Synth 8-7137] Register round_keys_reg[2] in module AES_Core has both Set and reset with same priority. This may cause simulation mismatches. Consider rewriting code  [D:/Vivado documents/AES_CTR_Encryption_Decryption/aes_ctr_core_pipelined/AES_ctr_core_pipelined.srcs/sources_1/new/AES_Core_4sPipe.v:84]
WARNING: [Synth 8-7137] Register round_keys_reg[3] in module AES_Core has both Set and reset with same priority. This may cause simulation mismatches. Consider rewriting code  [D:/Vivado documents/AES_CTR_Encryption_Decryption/aes_ctr_core_pipelined/AES_ctr_core_pipelined.srcs/sources_1/new/AES_Core_4sPipe.v:84]
WARNING: [Synth 8-7137] Register round_keys_reg[4] in module AES_Core has both Set and reset with same priority. This may cause simulation mismatches. Consider rewriting code  [D:/Vivado documents/AES_CTR_Encryption_Decryption/aes_ctr_core_pipelined/AES_ctr_core_pipelined.srcs/sources_1/new/AES_Core_4sPipe.v:84]
WARNING: [Synth 8-7137] Register round_keys_reg[5] in module AES_Core has both Set and reset with same priority. This may cause simulation mismatches. Consider rewriting code  [D:/Vivado documents/AES_CTR_Encryption_Decryption/aes_ctr_core_pipelined/AES_ctr_core_pipelined.srcs/sources_1/new/AES_Core_4sPipe.v:84]
WARNING: [Synth 8-7137] Register round_keys_reg[6] in module AES_Core has both Set and reset with same priority. This may cause simulation mismatches. Consider rewriting code  [D:/Vivado documents/AES_CTR_Encryption_Decryption/aes_ctr_core_pipelined/AES_ctr_core_pipelined.srcs/sources_1/new/AES_Core_4sPipe.v:84]
WARNING: [Synth 8-7137] Register round_keys_reg[7] in module AES_Core has both Set and reset with same priority. This may cause simulation mismatches. Consider rewriting code  [D:/Vivado documents/AES_CTR_Encryption_Decryption/aes_ctr_core_pipelined/AES_ctr_core_pipelined.srcs/sources_1/new/AES_Core_4sPipe.v:84]
WARNING: [Synth 8-7137] Register round_keys_reg[8] in module AES_Core has both Set and reset with same priority. This may cause simulation mismatches. Consider rewriting code  [D:/Vivado documents/AES_CTR_Encryption_Decryption/aes_ctr_core_pipelined/AES_ctr_core_pipelined.srcs/sources_1/new/AES_Core_4sPipe.v:84]
WARNING: [Synth 8-7137] Register round_keys_reg[9] in module AES_Core has both Set and reset with same priority. This may cause simulation mismatches. Consider rewriting code  [D:/Vivado documents/AES_CTR_Encryption_Decryption/aes_ctr_core_pipelined/AES_ctr_core_pipelined.srcs/sources_1/new/AES_Core_4sPipe.v:84]
WARNING: [Synth 8-7137] Register round_keys_reg[10] in module AES_Core has both Set and reset with same priority. This may cause simulation mismatches. Consider rewriting code  [D:/Vivado documents/AES_CTR_Encryption_Decryption/aes_ctr_core_pipelined/AES_ctr_core_pipelined.srcs/sources_1/new/AES_Core_4sPipe.v:84]
WARNING: [Synth 8-7137] Register i_reg in module AES_Core has both Set and reset with same priority. This may cause simulation mismatches. Consider rewriting code  [D:/Vivado documents/AES_CTR_Encryption_Decryption/aes_ctr_core_pipelined/AES_ctr_core_pipelined.srcs/sources_1/new/AES_Core_4sPipe.v:145]
WARNING: [Synth 8-7137] Register state_reg_2_reg in module AES_Core has both Set and reset with same priority. This may cause simulation mismatches. Consider rewriting code  [D:/Vivado documents/AES_CTR_Encryption_Decryption/aes_ctr_core_pipelined/AES_ctr_core_pipelined.srcs/sources_1/new/AES_Core_4sPipe.v:88]
WARNING: [Synth 8-7137] Register pipeline_ready_2_reg in module AES_Core has both Set and reset with same priority. This may cause simulation mismatches. Consider rewriting code  [D:/Vivado documents/AES_CTR_Encryption_Decryption/aes_ctr_core_pipelined/AES_ctr_core_pipelined.srcs/sources_1/new/AES_Core_4sPipe.v:184]
WARNING: [Synth 8-7137] Register state_reg_3_reg in module AES_Core has both Set and reset with same priority. This may cause simulation mismatches. Consider rewriting code  [D:/Vivado documents/AES_CTR_Encryption_Decryption/aes_ctr_core_pipelined/AES_ctr_core_pipelined.srcs/sources_1/new/AES_Core_4sPipe.v:95]
WARNING: [Synth 8-7137] Register pipeline_ready_3_reg in module AES_Core has both Set and reset with same priority. This may cause simulation mismatches. Consider rewriting code  [D:/Vivado documents/AES_CTR_Encryption_Decryption/aes_ctr_core_pipelined/AES_ctr_core_pipelined.srcs/sources_1/new/AES_Core_4sPipe.v:194]
WARNING: [Synth 8-7137] Register state_reg_4_reg in module AES_Core has both Set and reset with same priority. This may cause simulation mismatches. Consider rewriting code  [D:/Vivado documents/AES_CTR_Encryption_Decryption/aes_ctr_core_pipelined/AES_ctr_core_pipelined.srcs/sources_1/new/AES_Core_4sPipe.v:102]
WARNING: [Synth 8-7137] Register pipeline_ready_4_reg in module AES_Core has both Set and reset with same priority. This may cause simulation mismatches. Consider rewriting code  [D:/Vivado documents/AES_CTR_Encryption_Decryption/aes_ctr_core_pipelined/AES_ctr_core_pipelined.srcs/sources_1/new/AES_Core_4sPipe.v:205]
WARNING: [Synth 8-7137] Register state_reg_5_reg in module AES_Core has both Set and reset with same priority. This may cause simulation mismatches. Consider rewriting code  [D:/Vivado documents/AES_CTR_Encryption_Decryption/aes_ctr_core_pipelined/AES_ctr_core_pipelined.srcs/sources_1/new/AES_Core_4sPipe.v:109]
WARNING: [Synth 8-7137] Register pipeline_ready_5_reg in module AES_Core has both Set and reset with same priority. This may cause simulation mismatches. Consider rewriting code  [D:/Vivado documents/AES_CTR_Encryption_Decryption/aes_ctr_core_pipelined/AES_ctr_core_pipelined.srcs/sources_1/new/AES_Core_4sPipe.v:216]
WARNING: [Synth 8-7137] Register word_reg[0] in module key_expansion has both Set and reset with same priority. This may cause simulation mismatches. Consider rewriting code  [D:/Vivado documents/AES_CTR_Encryption_Decryption/aes_ctr_core_pipelined/AES_ctr_core_pipelined.srcs/sources_1/key_expansion.v:77]
WARNING: [Synth 8-7137] Register word_reg[1] in module key_expansion has both Set and reset with same priority. This may cause simulation mismatches. Consider rewriting code  [D:/Vivado documents/AES_CTR_Encryption_Decryption/aes_ctr_core_pipelined/AES_ctr_core_pipelined.srcs/sources_1/key_expansion.v:77]
WARNING: [Synth 8-7137] Register word_reg[2] in module key_expansion has both Set and reset with same priority. This may cause simulation mismatches. Consider rewriting code  [D:/Vivado documents/AES_CTR_Encryption_Decryption/aes_ctr_core_pipelined/AES_ctr_core_pipelined.srcs/sources_1/key_expansion.v:77]
WARNING: [Synth 8-7137] Register word_reg[3] in module key_expansion has both Set and reset with same priority. This may cause simulation mismatches. Consider rewriting code  [D:/Vivado documents/AES_CTR_Encryption_Decryption/aes_ctr_core_pipelined/AES_ctr_core_pipelined.srcs/sources_1/key_expansion.v:77]
WARNING: [Synth 8-7137] Register word_reg[4] in module key_expansion has both Set and reset with same priority. This may cause simulation mismatches. Consider rewriting code  [D:/Vivado documents/AES_CTR_Encryption_Decryption/aes_ctr_core_pipelined/AES_ctr_core_pipelined.srcs/sources_1/key_expansion.v:77]
WARNING: [Synth 8-7137] Register word_reg[5] in module key_expansion has both Set and reset with same priority. This may cause simulation mismatches. Consider rewriting code  [D:/Vivado documents/AES_CTR_Encryption_Decryption/aes_ctr_core_pipelined/AES_ctr_core_pipelined.srcs/sources_1/key_expansion.v:77]
WARNING: [Synth 8-7137] Register word_reg[6] in module key_expansion has both Set and reset with same priority. This may cause simulation mismatches. Consider rewriting code  [D:/Vivado documents/AES_CTR_Encryption_Decryption/aes_ctr_core_pipelined/AES_ctr_core_pipelined.srcs/sources_1/key_expansion.v:77]
WARNING: [Synth 8-7137] Register word_reg[7] in module key_expansion has both Set and reset with same priority. This may cause simulation mismatches. Consider rewriting code  [D:/Vivado documents/AES_CTR_Encryption_Decryption/aes_ctr_core_pipelined/AES_ctr_core_pipelined.srcs/sources_1/key_expansion.v:77]
WARNING: [Synth 8-7137] Register temp_reg in module key_expansion has both Set and reset with same priority. This may cause simulation mismatches. Consider rewriting code  [D:/Vivado documents/AES_CTR_Encryption_Decryption/aes_ctr_core_pipelined/AES_ctr_core_pipelined.srcs/sources_1/key_expansion.v:83]
WARNING: [Synth 8-7137] Register index_reg in module key_expansion has both Set and reset with same priority. This may cause simulation mismatches. Consider rewriting code  [D:/Vivado documents/AES_CTR_Encryption_Decryption/aes_ctr_core_pipelined/AES_ctr_core_pipelined.srcs/sources_1/key_expansion.v:86]
WARNING: [Synth 8-7137] Register sbox_reg_reg[0] in module key_expansion has both Set and reset with same priority. This may cause simulation mismatches. Consider rewriting code  [D:/Vivado documents/AES_CTR_Encryption_Decryption/aes_ctr_core_pipelined/AES_ctr_core_pipelined.srcs/sources_1/key_expansion.v:92]
WARNING: [Synth 8-7137] Register sbox_reg_reg[1] in module key_expansion has both Set and reset with same priority. This may cause simulation mismatches. Consider rewriting code  [D:/Vivado documents/AES_CTR_Encryption_Decryption/aes_ctr_core_pipelined/AES_ctr_core_pipelined.srcs/sources_1/key_expansion.v:92]
WARNING: [Synth 8-7137] Register sbox_reg_reg[2] in module key_expansion has both Set and reset with same priority. This may cause simulation mismatches. Consider rewriting code  [D:/Vivado documents/AES_CTR_Encryption_Decryption/aes_ctr_core_pipelined/AES_ctr_core_pipelined.srcs/sources_1/key_expansion.v:92]
WARNING: [Synth 8-7137] Register sbox_reg_reg[3] in module key_expansion has both Set and reset with same priority. This may cause simulation mismatches. Consider rewriting code  [D:/Vivado documents/AES_CTR_Encryption_Decryption/aes_ctr_core_pipelined/AES_ctr_core_pipelined.srcs/sources_1/key_expansion.v:92]
WARNING: [Synth 8-7137] Register sbox_in0_reg in module key_expansion has both Set and reset with same priority. This may cause simulation mismatches. Consider rewriting code  [D:/Vivado documents/AES_CTR_Encryption_Decryption/aes_ctr_core_pipelined/AES_ctr_core_pipelined.srcs/sources_1/key_expansion.v:30]
---------------------------------------------------------------------------------
Finished RTL Elaboration : Time (s): cpu = 00:00:08 ; elapsed = 00:00:10 . Memory (MB): peak = 1143.340 ; gain = 586.242
---------------------------------------------------------------------------------
---------------------------------------------------------------------------------
Start Handling Custom Attributes
---------------------------------------------------------------------------------
---------------------------------------------------------------------------------
Finished Handling Custom Attributes : Time (s): cpu = 00:00:08 ; elapsed = 00:00:11 . Memory (MB): peak = 1143.340 ; gain = 586.242
---------------------------------------------------------------------------------
---------------------------------------------------------------------------------
Finished RTL Optimization Phase 1 : Time (s): cpu = 00:00:08 ; elapsed = 00:00:11 . Memory (MB): peak = 1143.340 ; gain = 586.242
---------------------------------------------------------------------------------
Netlist sorting complete. Time (s): cpu = 00:00:00 ; elapsed = 00:00:00.133 . Memory (MB): peak = 1143.340 ; gain = 0.000
INFO: [Project 1-570] Preparing netlist for logic optimization

Processing XDC Constraints
Initializing timing engine
Parsing XDC File [D:/Vivado documents/AES_CTR_Encryption_Decryption/aes_ctr_core_pipelined/AES_ctr_core_pipelined.srcs/constrs_1/new/constraint.xdc]
Finished Parsing XDC File [D:/Vivado documents/AES_CTR_Encryption_Decryption/aes_ctr_core_pipelined/AES_ctr_core_pipelined.srcs/constrs_1/new/constraint.xdc]
INFO: [Project 1-236] Implementation specific constraints were found while reading constraint file [D:/Vivado documents/AES_CTR_Encryption_Decryption/aes_ctr_core_pipelined/AES_ctr_core_pipelined.srcs/constrs_1/new/constraint.xdc]. These constraints will be ignored for synthesis but will be used in implementation. Impacted constraints are listed in the file [.Xil/top_encryption_propImpl.xdc].
Resolution: To avoid this warning, move constraints listed in [.Xil/top_encryption_propImpl.xdc] to another XDC file and exclude this new file from synthesis with the used_in_synthesis property (File Properties dialog in GUI) and re-run elaboration/synthesis.
Completed Processing XDC Constraints

Netlist sorting complete. Time (s): cpu = 00:00:00 ; elapsed = 00:00:00.001 . Memory (MB): peak = 1232.750 ; gain = 0.000
INFO: [Project 1-111] Unisim Transformation Summary:
No Unisim elements were transformed.

Constraint Validation Runtime : Time (s): cpu = 00:00:00 ; elapsed = 00:00:00.023 . Memory (MB): peak = 1232.750 ; gain = 0.000
INFO: [Designutils 20-5440] No compile time benefit to using incremental synthesis; A full resynthesis will be run
INFO: [Designutils 20-4379] Flow is switching to default flow due to incremental criteria not met. If you would like to alter this behaviour and have the flow terminate instead, please set the following parameter config_implementation {autoIncr.Synth.RejectBehavior Terminate}
---------------------------------------------------------------------------------
Finished Constraint Validation : Time (s): cpu = 00:00:19 ; elapsed = 00:00:23 . Memory (MB): peak = 1232.750 ; gain = 675.652
---------------------------------------------------------------------------------
---------------------------------------------------------------------------------
Start Loading Part and Timing Information
---------------------------------------------------------------------------------
Loading part: xc7a100tcsg324-1
---------------------------------------------------------------------------------
Finished Loading Part and Timing Information : Time (s): cpu = 00:00:19 ; elapsed = 00:00:23 . Memory (MB): peak = 1232.750 ; gain = 675.652
---------------------------------------------------------------------------------
---------------------------------------------------------------------------------
Start Applying 'set_property' XDC Constraints
---------------------------------------------------------------------------------
---------------------------------------------------------------------------------
Finished applying 'set_property' XDC Constraints : Time (s): cpu = 00:00:19 ; elapsed = 00:00:23 . Memory (MB): peak = 1232.750 ; gain = 675.652
---------------------------------------------------------------------------------
INFO: [Synth 8-802] inferred FSM for state register 'state_reg' in module 'AES_Core'
INFO: [Synth 8-802] inferred FSM for state register 'pipeline_2_key_reg' in module 'AES_Core'
INFO: [Synth 8-802] inferred FSM for state register 'pipeline_3_key_reg' in module 'AES_Core'
INFO: [Synth 8-802] inferred FSM for state register 'pipeline_4_key_reg' in module 'AES_Core'
INFO: [Synth 8-802] inferred FSM for state register 'pipeline_5_key_reg' in module 'AES_Core'
INFO: [Synth 8-802] inferred FSM for state register 'state_reg' in module 'top_encryption'
---------------------------------------------------------------------------------------------------
                   State |                     New Encoding |                Previous Encoding 
---------------------------------------------------------------------------------------------------
                 iSTATE1 |                              001 |                               00
*
                 iSTATE0 |                              010 |                               10
                  iSTATE |                              100 |                               11
---------------------------------------------------------------------------------------------------
INFO: [Synth 8-3354] encoded FSM with state register 'pipeline_2_key_reg' using encoding 'one-hot' in module 'AES_Core'
---------------------------------------------------------------------------------------------------
                   State |                     New Encoding |                Previous Encoding 
---------------------------------------------------------------------------------------------------
                 iSTATE1 |                              001 |                              000
*
                 iSTATE0 |                              010 |                              100
                  iSTATE |                              100 |                              101
---------------------------------------------------------------------------------------------------
INFO: [Synth 8-3354] encoded FSM with state register 'pipeline_3_key_reg' using encoding 'one-hot' in module 'AES_Core'
---------------------------------------------------------------------------------------------------
                   State |                     New Encoding |                Previous Encoding 
---------------------------------------------------------------------------------------------------
                 iSTATE1 |                              001 |                              000
*
                 iSTATE0 |                              010 |                              110
                  iSTATE |                              100 |                              111
---------------------------------------------------------------------------------------------------
INFO: [Synth 8-3354] encoded FSM with state register 'pipeline_4_key_reg' using encoding 'one-hot' in module 'AES_Core'
---------------------------------------------------------------------------------------------------
                   State |                     New Encoding |                Previous Encoding 
---------------------------------------------------------------------------------------------------
                 iSTATE1 |                              001 |                             0000
*
                 iSTATE0 |                              010 |                             1000
                  iSTATE |                              100 |                             1001
---------------------------------------------------------------------------------------------------
INFO: [Synth 8-3354] encoded FSM with state register 'pipeline_5_key_reg' using encoding 'one-hot' in module 'AES_Core'
---------------------------------------------------------------------------------------------------
                   State |                     New Encoding |                Previous Encoding 
---------------------------------------------------------------------------------------------------
                    IDLE |                              001 |                              000
             READY_STATE |                              010 |                              001
        ENCRYPTION_STATE |                              100 |                              010
---------------------------------------------------------------------------------------------------
INFO: [Synth 8-3354] encoded FSM with state register 'state_reg' using encoding 'one-hot' in module 'AES_Core'
---------------------------------------------------------------------------------------------------
                   State |                     New Encoding |                Previous Encoding 
---------------------------------------------------------------------------------------------------
                    IDLE |                              001 |                               00
                     RUN |                              010 |                               01
                    STOP |                              100 |                               10
---------------------------------------------------------------------------------------------------
INFO: [Synth 8-3354] encoded FSM with state register 'state_reg' using encoding 'one-hot' in module 'top_encryption'
---------------------------------------------------------------------------------
Finished RTL Optimization Phase 2 : Time (s): cpu = 00:00:20 ; elapsed = 00:00:25 . Memory (MB): peak = 1232.750 ; gain = 675.652
---------------------------------------------------------------------------------
---------------------------------------------------------------------------------
Start RTL Component Statistics 
---------------------------------------------------------------------------------
Detailed RTL Component Info : 
+---Adders : 
	   2 Input  128 Bit       Adders := 1     
	   2 Input   32 Bit       Adders := 2     
	   2 Input    4 Bit       Adders := 1     
+---XORs : 
	   2 Input    128 Bit         XORs := 8     
	   2 Input     32 Bit         XORs := 5     
	   2 Input      8 Bit         XORs := 100   
	   4 Input      8 Bit         XORs := 40    
	   5 Input      8 Bit         XORs := 40    
+---Registers : 
	              128 Bit    Registers := 21    
	               32 Bit    Registers := 11    
	                8 Bit    Registers := 5     
	                4 Bit    Registers := 2     
	                1 Bit    Registers := 9     
+---Muxes : 
	   2 Input  128 Bit        Muxes := 13    
	   4 Input  128 Bit        Muxes := 1     
	   8 Input  128 Bit        Muxes := 2     
	  11 Input  128 Bit        Muxes := 1     
	   3 Input  128 Bit        Muxes := 3     
	  12 Input  128 Bit        Muxes := 1     
	  12 Input   32 Bit        Muxes := 5     
	  11 Input    8 Bit        Muxes := 1     
	   2 Input    8 Bit        Muxes := 1     
	   4 Input    8 Bit        Muxes := 1     
	   3 Input    4 Bit        Muxes := 1     
	  12 Input    4 Bit        Muxes := 1     
	   2 Input    4 Bit        Muxes := 1     
	   4 Input    3 Bit        Muxes := 4     
	   3 Input    3 Bit        Muxes := 3     
	   3 Input    2 Bit        Muxes := 1     
	   2 Input    1 Bit        Muxes := 18    
	   3 Input    1 Bit        Muxes := 36    
	  12 Input    1 Bit        Muxes := 17    
---------------------------------------------------------------------------------
Finished RTL Component Statistics 
---------------------------------------------------------------------------------
---------------------------------------------------------------------------------
Start Part Resource Summary
---------------------------------------------------------------------------------
Part Resources:
DSPs: 240 (col length:80)
BRAMs: 270 (col length: RAMB18 80 RAMB36 40)
---------------------------------------------------------------------------------
Finished Part Resource Summary
---------------------------------------------------------------------------------
---------------------------------------------------------------------------------
Start Cross Boundary and Area Optimization
---------------------------------------------------------------------------------
WARNING: [Synth 8-7080] Parallel synthesis criteria is not met
WARNING: [Synth 8-3332] Sequential element (FSM_onehot_pipeline_2_key_reg[0]) is unused and will be removed from module AES_Core.
WARNING: [Synth 8-3332] Sequential element (FSM_onehot_pipeline_3_key_reg[0]) is unused and will be removed from module AES_Core.
WARNING: [Synth 8-3332] Sequential element (FSM_onehot_pipeline_4_key_reg[0]) is unused and will be removed from module AES_Core.
WARNING: [Synth 8-3332] Sequential element (FSM_onehot_pipeline_5_key_reg[0]) is unused and will be removed from module AES_Core.
---------------------------------------------------------------------------------
Finished Cross Boundary and Area Optimization : Time (s): cpu = 00:01:29 ; elapsed = 00:01:45 . Memory (MB): peak = 1360.598 ; gain = 803.500
---------------------------------------------------------------------------------
---------------------------------------------------------------------------------
Start ROM, RAM, DSP, Shift Register and Retiming Reporting
---------------------------------------------------------------------------------

ROM: Preliminary Mapping Report
+--------------+------------+---------------+----------------+
|Module Name   | RTL Object | Depth x Width | Implemented As | 
+--------------+------------+---------------+----------------+
|sbox_module   | sbox_lut   | 256x8         | LUT            | 
|subbytes      | p_0_out    | 256x8         | LUT            | 
|subbytes      | p_0_out    | 256x8         | LUT            | 
|subbytes      | p_0_out    | 256x8         | LUT            | 
|subbytes      | p_0_out    | 256x8         | LUT            | 
|subbytes      | p_0_out    | 256x8         | LUT            | 
|subbytes      | p_0_out    | 256x8         | LUT            | 
|subbytes      | p_0_out    | 256x8         | LUT            | 
|subbytes      | p_0_out    | 256x8         | LUT            | 
|subbytes      | p_0_out    | 256x8         | LUT            | 
|subbytes      | p_0_out    | 256x8         | LUT            | 
|subbytes      | p_0_out    | 256x8         | LUT            | 
|subbytes      | p_0_out    | 256x8         | LUT            | 
|subbytes      | p_0_out    | 256x8         | LUT            | 
|subbytes      | p_0_out    | 256x8         | LUT            | 
|subbytes      | p_0_out    | 256x8         | LUT            | 
|subbytes      | p_0_out    | 256x8         | LUT            | 
|subbytes      | p_0_out    | 256x8         | LUT            | 
|subbytes      | p_0_out    | 256x8         | LUT            | 
|subbytes      | p_0_out    | 256x8         | LUT            | 
|subbytes      | p_0_out    | 256x8         | LUT            | 
|subbytes      | p_0_out    | 256x8         | LUT            | 
|subbytes      | p_0_out    | 256x8         | LUT            | 
|subbytes      | p_0_out    | 256x8         | LUT            | 
|subbytes      | p_0_out    | 256x8         | LUT            | 
|subbytes      | p_0_out    | 256x8         | LUT            | 
|subbytes      | p_0_out    | 256x8         | LUT            | 
|subbytes      | p_0_out    | 256x8         | LUT            | 
|subbytes      | p_0_out    | 256x8         | LUT            | 
|subbytes      | p_0_out    | 256x8         | LUT            | 
|subbytes      | p_0_out    | 256x8         | LUT            | 
|subbytes      | p_0_out    | 256x8         | LUT            | 
|subbytes      | p_0_out    | 256x8         | LUT            | 
|subbytes      | p_0_out    | 256x8         | LUT            | 
|subbytes      | p_0_out    | 256x8         | LUT            | 
|subbytes      | p_0_out    | 256x8         | LUT            | 
|subbytes      | p_0_out    | 256x8         | LUT            | 
|subbytes      | p_0_out    | 256x8         | LUT            | 
|subbytes      | p_0_out    | 256x8         | LUT            | 
|subbytes      | p_0_out    | 256x8         | LUT            | 
|subbytes      | p_0_out    | 256x8         | LUT            | 
|subbytes      | p_0_out    | 256x8         | LUT            | 
|subbytes      | p_0_out    | 256x8         | LUT            | 
|subbytes      | p_0_out    | 256x8         | LUT            | 
|subbytes      | p_0_out    | 256x8         | LUT            | 
|subbytes      | p_0_out    | 256x8         | LUT            | 
|subbytes      | p_0_out    | 256x8         | LUT            | 
|subbytes      | p_0_out    | 256x8         | LUT            | 
|subbytes      | p_0_out    | 256x8         | LUT            | 
|subbytes      | p_0_out    | 256x8         | LUT            | 
|subbytes      | p_0_out    | 256x8         | LUT            | 
|subbytes      | p_0_out    | 256x8         | LUT            | 
|subbytes      | p_0_out    | 256x8         | LUT            | 
|subbytes      | p_0_out    | 256x8         | LUT            | 
|subbytes      | p_0_out    | 256x8         | LUT            | 
|subbytes      | p_0_out    | 256x8         | LUT            | 
|subbytes      | p_0_out    | 256x8         | LUT            | 
|subbytes      | p_0_out    | 256x8         | LUT            | 
|subbytes      | p_0_out    | 256x8         | LUT            | 
|subbytes      | p_0_out    | 256x8         | LUT            | 
|subbytes      | p_0_out    | 256x8         | LUT            | 
|subbytes      | p_0_out    | 256x8         | LUT            | 
|subbytes      | p_0_out    | 256x8         | LUT            | 
|subbytes      | p_0_out    | 256x8         | LUT            | 
|subbytes      | p_0_out    | 256x8         | LUT            | 
|subbytes      | p_0_out    | 256x8         | LUT            | 
|subbytes      | p_0_out    | 256x8         | LUT            | 
|subbytes      | p_0_out    | 256x8         | LUT            | 
|subbytes      | p_0_out    | 256x8         | LUT            | 
|subbytes      | p_0_out    | 256x8         | LUT            | 
|subbytes      | p_0_out    | 256x8         | LUT            | 
|subbytes      | p_0_out    | 256x8         | LUT            | 
|subbytes      | p_0_out    | 256x8         | LUT            | 
|subbytes      | p_0_out    | 256x8         | LUT            | 
|subbytes      | p_0_out    | 256x8         | LUT            | 
|subbytes      | p_0_out    | 256x8         | LUT            | 
|subbytes      | p_0_out    | 256x8         | LUT            | 
|subbytes      | p_0_out    | 256x8         | LUT            | 
|subbytes      | p_0_out    | 256x8         | LUT            | 
|subbytes      | p_0_out    | 256x8         | LUT            | 
|subbytes      | p_0_out    | 256x8         | LUT            | 
|key_expansion | p_0_out    | 256x8         | LUT            | 
+--------------+------------+---------------+----------------+

---------------------------------------------------------------------------------
Finished ROM, RAM, DSP, Shift Register and Retiming Reporting
---------------------------------------------------------------------------------
---------------------------------------------------------------------------------
Start Applying XDC Timing Constraints
---------------------------------------------------------------------------------
---------------------------------------------------------------------------------
Finished Applying XDC Timing Constraints : Time (s): cpu = 00:01:33 ; elapsed = 00:01:50 . Memory (MB): peak = 1393.738 ; gain = 836.641
---------------------------------------------------------------------------------
---------------------------------------------------------------------------------
Start Timing Optimization
---------------------------------------------------------------------------------
---------------------------------------------------------------------------------
Finished Timing Optimization : Time (s): cpu = 00:01:36 ; elapsed = 00:01:54 . Memory (MB): peak = 1565.168 ; gain = 1008.070
---------------------------------------------------------------------------------
---------------------------------------------------------------------------------
Start Technology Mapping
---------------------------------------------------------------------------------
---------------------------------------------------------------------------------
Finished Technology Mapping : Time (s): cpu = 00:01:38 ; elapsed = 00:01:55 . Memory (MB): peak = 1565.168 ; gain = 1008.070
---------------------------------------------------------------------------------
---------------------------------------------------------------------------------
Start IO Insertion
---------------------------------------------------------------------------------
---------------------------------------------------------------------------------
Start Flattening Before IO Insertion
---------------------------------------------------------------------------------
---------------------------------------------------------------------------------
Finished Flattening Before IO Insertion
---------------------------------------------------------------------------------
---------------------------------------------------------------------------------
Start Final Netlist Cleanup
---------------------------------------------------------------------------------
---------------------------------------------------------------------------------
Finished Final Netlist Cleanup
---------------------------------------------------------------------------------
---------------------------------------------------------------------------------
Finished IO Insertion : Time (s): cpu = 00:01:41 ; elapsed = 00:01:58 . Memory (MB): peak = 1622.781 ; gain = 1065.684
---------------------------------------------------------------------------------
---------------------------------------------------------------------------------
Start Renaming Generated Instances
---------------------------------------------------------------------------------
---------------------------------------------------------------------------------
Finished Renaming Generated Instances : Time (s): cpu = 00:01:41 ; elapsed = 00:01:58 . Memory (MB): peak = 1622.781 ; gain = 1065.684
---------------------------------------------------------------------------------
---------------------------------------------------------------------------------
Start Rebuilding User Hierarchy
---------------------------------------------------------------------------------
---------------------------------------------------------------------------------
Finished Rebuilding User Hierarchy : Time (s): cpu = 00:01:42 ; elapsed = 00:01:59 . Memory (MB): peak = 1622.781 ; gain = 1065.684
---------------------------------------------------------------------------------
---------------------------------------------------------------------------------
Start Renaming Generated Ports
---------------------------------------------------------------------------------
---------------------------------------------------------------------------------
Finished Renaming Generated Ports : Time (s): cpu = 00:01:42 ; elapsed = 00:01:59 . Memory (MB): peak = 1622.781 ; gain = 1065.684
---------------------------------------------------------------------------------
---------------------------------------------------------------------------------
Start Handling Custom Attributes
---------------------------------------------------------------------------------
---------------------------------------------------------------------------------
Finished Handling Custom Attributes : Time (s): cpu = 00:01:42 ; elapsed = 00:01:59 . Memory (MB): peak = 1622.781 ; gain = 1065.684
---------------------------------------------------------------------------------
---------------------------------------------------------------------------------
Start Renaming Generated Nets
---------------------------------------------------------------------------------
---------------------------------------------------------------------------------
Finished Renaming Generated Nets : Time (s): cpu = 00:01:42 ; elapsed = 00:01:59 . Memory (MB): peak = 1622.781 ; gain = 1065.684
---------------------------------------------------------------------------------
---------------------------------------------------------------------------------
Start Writing Synthesis Report
---------------------------------------------------------------------------------

Report BlackBoxes: 
+-+--------------+----------+
| |BlackBox name |Instances |
+-+--------------+----------+
+-+--------------+----------+

Report Cell Usage: 
+------+-------+------+
|      |Cell   |Count |
+------+-------+------+
|1     |BUFG   |     1|
|2     |CARRY4 |    60|
|3     |LUT1   |     1|
|4     |LUT2   |   459|
|5     |LUT3   |   521|
|6     |LUT4   |   334|
|7     |LUT5   |   845|
|8     |LUT6   |  4128|
|9     |MUXF7  |  1552|
|10    |MUXF8  |   776|
|11    |FDCE   |   808|
|12    |FDPE   |     2|
|13    |FDRE   |  2316|
|14    |IBUF   |   387|
|15    |OBUF   |   129|
+------+-------+------+
---------------------------------------------------------------------------------
Finished Writing Synthesis Report : Time (s): cpu = 00:01:42 ; elapsed = 00:01:59 . Memory (MB): peak = 1622.781 ; gain = 1065.684
---------------------------------------------------------------------------------
Synthesis finished with 0 errors, 0 critical warnings and 5 warnings.
Synthesis Optimization Runtime : Time (s): cpu = 00:01:30 ; elapsed = 00:01:54 . Memory (MB): peak = 1622.781 ; gain = 976.273
Synthesis Optimization Complete : Time (s): cpu = 00:01:42 ; elapsed = 00:01:59 . Memory (MB): peak = 1622.781 ; gain = 1065.684
INFO: [Project 1-571] Translating synthesized netlist
Netlist sorting complete. Time (s): cpu = 00:00:00 ; elapsed = 00:00:00.066 . Memory (MB): peak = 1639.043 ; gain = 0.000
INFO: [Netlist 29-17] Analyzing 2388 Unisim elements for replacement
INFO: [Netlist 29-28] Unisim Transformation completed in 0 CPU seconds
INFO: [Project 1-570] Preparing netlist for logic optimization
INFO: [Opt 31-138] Pushed 0 inverter(s) to 0 load pin(s).
Netlist sorting complete. Time (s): cpu = 00:00:00 ; elapsed = 00:00:00.002 . Memory (MB): peak = 1643.293 ; gain = 0.000
INFO: [Project 1-111] Unisim Transformation Summary:
No Unisim elements were transformed.

Synth Design complete | Checksum: 28ae5093
INFO: [Common 17-83] Releasing license: Synthesis
56 Infos, 40 Warnings, 0 Critical Warnings and 0 Errors encountered.
synth_design completed successfully
synth_design: Time (s): cpu = 00:01:47 ; elapsed = 00:02:29 . Memory (MB): peak = 1643.293 ; gain = 1291.848
Write ShapeDB Complete: Time (s): cpu = 00:00:00 ; elapsed = 00:00:00.019 . Memory (MB): peak = 1643.293 ; gain = 0.000
INFO: [Common 17-1381] The checkpoint 'D:/Vivado documents/AES_CTR_Encryption_Decryption/aes_ctr_core_pipelined/AES_ctr_core_pipelined.runs/synth_1/top_encryption.dcp' has been generated.
INFO: [Vivado 12-24828] Executing command : report_utilization -file top_encryption_utilization_synth.rpt -pb top_encryption_utilization_synth.pb
INFO: [Common 17-206] Exiting Vivado at Sun Aug  3 14:19:41 2025...
