Copyright 1986-2022 Xilinx, Inc. All Rights Reserved. Copyright 2022-2023 Advanced Micro Devices, Inc. All Rights Reserved.
---------------------------------------------------------------------------------------------------------------------------------------------
| Tool Version : Vivado v.2023.2 (win64) Build 4029153 Fri Oct 13 20:14:34 MDT 2023
| Date         : Sun Jul 20 14:34:29 2025
| Host         : LAPTOP-HUIHR0D6 running 64-bit major release  (build 9200)
| Command      : report_control_sets -verbose -file top_test_module_verilog_control_sets_placed.rpt
| Design       : top_test_module_verilog
| Device       : xc7a100t
---------------------------------------------------------------------------------------------------------------------------------------------

Control Set Information

Table of Contents
-----------------
1. Summary
2. Histogram
3. Flip-Flop Distribution
4. Detailed Control Set Information

1. Summary
----------

+----------------------------------------------------------+-------+
|                          Status                          | Count |
+----------------------------------------------------------+-------+
| Total control sets                                       |   132 |
|    Minimum number of control sets                        |   132 |
|    Addition due to synthesis replication                 |     0 |
|    Addition due to physical synthesis replication        |     0 |
| Unused register locations in slices containing registers |   109 |
+----------------------------------------------------------+-------+
* Control sets can be merged at opt_design using control_set_merge or merge_equivalent_drivers
** Run report_qor_suggestions for automated merging and remapping suggestions


2. Histogram
------------

+--------------------+-------+
|       Fanout       | Count |
+--------------------+-------+
| Total control sets |   132 |
| >= 0 to < 4        |     2 |
| >= 4 to < 6        |     8 |
| >= 6 to < 8        |     0 |
| >= 8 to < 10       |    77 |
| >= 10 to < 12      |     4 |
| >= 12 to < 14      |     0 |
| >= 14 to < 16      |     3 |
| >= 16              |    38 |
+--------------------+-------+
* Control sets can be remapped at either synth_design or opt_design


3. Flip-Flop Distribution
-------------------------

+--------------+-----------------------+------------------------+-----------------+--------------+
| Clock Enable | Synchronous Set/Reset | Asynchronous Set/Reset | Total Registers | Total Slices |
+--------------+-----------------------+------------------------+-----------------+--------------+
| No           | No                    | No                     |              24 |           12 |
| No           | No                    | Yes                    |              26 |           10 |
| No           | Yes                   | No                     |              10 |            4 |
| Yes          | No                    | No                     |            3754 |         1399 |
| Yes          | No                    | Yes                    |            1584 |          769 |
| Yes          | Yes                   | No                     |             733 |          226 |
+--------------+-----------------------+------------------------+-----------------+--------------+


4. Detailed Control Set Information
-----------------------------------

+----------------+----------------------------------------------------------+---------------------------------------------------+------------------+----------------+--------------+
|  Clock Signal  |                       Enable Signal                      |                  Set/Reset Signal                 | Slice Load Count | Bel Load Count | Bels / Slice |
+----------------+----------------------------------------------------------+---------------------------------------------------+------------------+----------------+--------------+
|  clk_IBUF_BUFG | done_i_1_n_0                                             | reset_IBUF                                        |                1 |              1 |         1.00 |
|  clk_IBUF_BUFG | uart_tx_inst/tx_o_i_1_n_0                                |                                                   |                1 |              1 |         1.00 |
|  clk_IBUF_BUFG | encrypt_inst/Core/round_cnt[3]_i_1_n_0                   | reset_IBUF                                        |                2 |              4 |         2.00 |
|  clk_IBUF_BUFG | encrypt_inst/key_expansion/round__0                      | reset_IBUF                                        |                2 |              4 |         2.00 |
|  clk_IBUF_BUFG | decrypt_inst/key_expansion/round__0                      | reset_IBUF                                        |                2 |              4 |         2.00 |
|  clk_IBUF_BUFG | decrypt_inst/Core/round_cnt[3]_i_1__0_n_0                | reset_IBUF                                        |                3 |              4 |         1.33 |
|  clk_IBUF_BUFG | encrypt_inst/Core/desired_round[3]_i_1_n_0               | reset_IBUF                                        |                1 |              4 |         4.00 |
|  clk_IBUF_BUFG | encrypt_inst/key_expansion/state[0]_i_1_n_0              | reset_IBUF                                        |                2 |              4 |         2.00 |
|  clk_IBUF_BUFG | decrypt_inst/key_expansion/state[0]_i_1__0_n_0           | reset_IBUF                                        |                1 |              4 |         4.00 |
|  clk_IBUF_BUFG | decrypt_inst/Core/desired_round[3]_i_1__0_n_0            | reset_IBUF                                        |                1 |              4 |         4.00 |
|  clk_IBUF_BUFG | encrypt_inst/key_expansion/sbox_reg                      |                                                   |                3 |              8 |         2.67 |
|  clk_IBUF_BUFG | uart_rx_inst/index_reg[0]_6[0]                           |                                                   |                1 |              8 |         8.00 |
|  clk_IBUF_BUFG | uart_rx_inst/E[0]                                        |                                                   |                8 |              8 |         1.00 |
|  clk_IBUF_BUFG | uart_rx_inst/index_reg[0]_14[0]                          |                                                   |                1 |              8 |         8.00 |
|  clk_IBUF_BUFG | uart_rx_inst/index_reg[0]_2[0]                           |                                                   |                1 |              8 |         8.00 |
|  clk_IBUF_BUFG | uart_rx_inst/index_reg[0]_11[0]                          |                                                   |                3 |              8 |         2.67 |
|  clk_IBUF_BUFG | uart_rx_inst/index_reg[0]_8[0]                           |                                                   |                2 |              8 |         4.00 |
|  clk_IBUF_BUFG | uart_rx_inst/index_reg[0]_9[0]                           |                                                   |                1 |              8 |         8.00 |
|  clk_IBUF_BUFG | uart_rx_inst/index_reg[0][0]                             |                                                   |                4 |              8 |         2.00 |
|  clk_IBUF_BUFG | uart_rx_inst/index_reg[0]_0[0]                           |                                                   |                5 |              8 |         1.60 |
|  clk_IBUF_BUFG | uart_rx_inst/index_reg[1]_rep__0[0]                      |                                                   |                1 |              8 |         8.00 |
|  clk_IBUF_BUFG | uart_rx_inst/index_reg[1]_rep__0_0[0]                    |                                                   |                1 |              8 |         8.00 |
|  clk_IBUF_BUFG | uart_rx_inst/index_reg[1]_rep__0_6[0]                    |                                                   |                2 |              8 |         4.00 |
|  clk_IBUF_BUFG | uart_rx_inst/index_reg[1]_rep__0_13[0]                   |                                                   |                6 |              8 |         1.33 |
|  clk_IBUF_BUFG | uart_rx_inst/index_reg[1]_rep__0_11[0]                   |                                                   |                1 |              8 |         8.00 |
|  clk_IBUF_BUFG | uart_rx_inst/index_reg[2]_13[0]                          |                                                   |                1 |              8 |         8.00 |
|  clk_IBUF_BUFG | uart_rx_inst/index_reg[2]_5[0]                           |                                                   |                3 |              8 |         2.67 |
|  clk_IBUF_BUFG | uart_rx_inst/index_reg[2]_9[0]                           |                                                   |                1 |              8 |         8.00 |
|  clk_IBUF_BUFG | uart_rx_inst/index_reg[1]_rep__1_2[0]                    |                                                   |                2 |              8 |         4.00 |
|  clk_IBUF_BUFG | uart_rx_inst/index_reg[2]_11[0]                          |                                                   |                1 |              8 |         8.00 |
|  clk_IBUF_BUFG | uart_rx_inst/index_reg[1]_rep__1_14[0]                   |                                                   |                2 |              8 |         4.00 |
|  clk_IBUF_BUFG | uart_rx_inst/index_reg[1]_rep__1_3[0]                    |                                                   |                1 |              8 |         8.00 |
|  clk_IBUF_BUFG | uart_rx_inst/index_reg[2]_12[0]                          |                                                   |                6 |              8 |         1.33 |
|  clk_IBUF_BUFG | uart_rx_inst/index_reg[1]_rep__1_4[0]                    |                                                   |                2 |              8 |         4.00 |
|  clk_IBUF_BUFG | encrypt_inst/key_expansion/sbox_reg[2][0]_i_1_n_0        |                                                   |                4 |              8 |         2.00 |
|  clk_IBUF_BUFG | encrypt_inst/key_expansion/sbox_in0                      | encrypt_inst/key_expansion/sbox_in0[0]_i_1_n_0    |                2 |              8 |         4.00 |
|  clk_IBUF_BUFG | encrypt_inst/key_expansion/sbox_reg[1][0]_i_1_n_0        |                                                   |                2 |              8 |         4.00 |
|  clk_IBUF_BUFG | uart_rx_inst/index_reg[2]_0[0]                           |                                                   |                2 |              8 |         4.00 |
|  clk_IBUF_BUFG | encrypt_inst/key_expansion/sbox_reg[3][0]_i_1_n_0        |                                                   |                5 |              8 |         1.60 |
|  clk_IBUF_BUFG | uart_rx_inst/index_reg[2][0]                             |                                                   |                4 |              8 |         2.00 |
|  clk_IBUF_BUFG | uart_rx_inst/index_reg[1]_rep__1_6[0]                    |                                                   |                2 |              8 |         4.00 |
|  clk_IBUF_BUFG | decrypt_inst/key_expansion/sbox_in0                      | decrypt_inst/key_expansion/sbox_in0[0]_i_1__0_n_0 |                2 |              8 |         4.00 |
|  clk_IBUF_BUFG | decrypt_inst/key_expansion/sbox_reg[3][0]_i_1__0_n_0     |                                                   |                2 |              8 |         4.00 |
|  clk_IBUF_BUFG | decrypt_inst/key_expansion/sbox_reg[2][0]_i_1__0_n_0     |                                                   |                6 |              8 |         1.33 |
|  clk_IBUF_BUFG | decrypt_inst/key_expansion/sbox_reg[1][0]_i_1__0_n_0     |                                                   |                5 |              8 |         1.60 |
|  clk_IBUF_BUFG | decrypt_inst/key_expansion/sbox_reg                      |                                                   |                1 |              8 |         8.00 |
|  clk_IBUF_BUFG | uart_rx_inst/index_reg[2]_6[0]                           |                                                   |                2 |              8 |         4.00 |
|  clk_IBUF_BUFG | uart_rx_inst/index_reg[1]_rep__1_5[0]                    |                                                   |                1 |              8 |         8.00 |
|  clk_IBUF_BUFG | uart_rx_inst/index_reg[2]_10[0]                          |                                                   |                1 |              8 |         8.00 |
|  clk_IBUF_BUFG | uart_rx_inst/index_reg[1]_rep__1_9[0]                    |                                                   |                2 |              8 |         4.00 |
|  clk_IBUF_BUFG | uart_rx_inst/index_reg[1]_rep__1_12[0]                   |                                                   |                3 |              8 |         2.67 |
|  clk_IBUF_BUFG | uart_rx_inst/index_reg[1]_rep__1_7[0]                    |                                                   |                2 |              8 |         4.00 |
|  clk_IBUF_BUFG | uart_rx_inst/index_reg[2]_3[0]                           |                                                   |                2 |              8 |         4.00 |
|  clk_IBUF_BUFG | uart_rx_inst/index_reg[1]_rep__1_8[0]                    |                                                   |                2 |              8 |         4.00 |
|  clk_IBUF_BUFG | uart_rx_inst/index_reg[2]_7[0]                           |                                                   |                4 |              8 |         2.00 |
|  clk_IBUF_BUFG | uart_rx_inst/index_reg[2]_2[0]                           |                                                   |                4 |              8 |         2.00 |
|  clk_IBUF_BUFG | uart_rx_inst/index_reg[2]_4[0]                           |                                                   |                2 |              8 |         4.00 |
|  clk_IBUF_BUFG | uart_rx_inst/index_reg[2]_8[0]                           |                                                   |                1 |              8 |         8.00 |
|  clk_IBUF_BUFG | uart_rx_inst/index_reg[2]_1[0]                           |                                                   |                5 |              8 |         1.60 |
|  clk_IBUF_BUFG | uart_rx_inst/index_reg[2]_14[0]                          |                                                   |                4 |              8 |         2.00 |
|  clk_IBUF_BUFG | uart_tx_inst/shreg                                       |                                                   |                3 |              8 |         2.67 |
|  clk_IBUF_BUFG | uart_tx_inst/FSM_sequential_state_reg[0]_3[0]            | reset_IBUF                                        |                3 |              8 |         2.67 |
|  clk_IBUF_BUFG | uart_rx_inst/index_reg[0]_1[0]                           |                                                   |                7 |              8 |         1.14 |
|  clk_IBUF_BUFG | uart_rx_inst/index_reg[0]_4[0]                           |                                                   |                3 |              8 |         2.67 |
|  clk_IBUF_BUFG | uart_rx_inst/index_reg[1]_rep__0_2[0]                    |                                                   |                1 |              8 |         8.00 |
|  clk_IBUF_BUFG | uart_rx_inst/index_reg[1]_rep__0_3[0]                    |                                                   |                1 |              8 |         8.00 |
|  clk_IBUF_BUFG | uart_rx_inst/index_reg[1]_rep__1_13[0]                   |                                                   |                3 |              8 |         2.67 |
|  clk_IBUF_BUFG | uart_rx_inst/index_reg[0]_3[0]                           |                                                   |                2 |              8 |         4.00 |
|  clk_IBUF_BUFG | uart_rx_inst/index_reg[0]_13[0]                          |                                                   |                4 |              8 |         2.00 |
|  clk_IBUF_BUFG | uart_rx_inst/index_reg[1]_rep__0_9[0]                    |                                                   |                5 |              8 |         1.60 |
|  clk_IBUF_BUFG | uart_rx_inst/index_reg[1]_rep__1[0]                      |                                                   |                2 |              8 |         4.00 |
|  clk_IBUF_BUFG | uart_rx_inst/index_reg[1]_rep__1_1[0]                    |                                                   |                3 |              8 |         2.67 |
|  clk_IBUF_BUFG | uart_rx_inst/index_reg[1]_rep__1_10[0]                   |                                                   |                3 |              8 |         2.67 |
|  clk_IBUF_BUFG | uart_rx_inst/index_reg[0]_7[0]                           |                                                   |                2 |              8 |         4.00 |
|  clk_IBUF_BUFG | uart_rx_inst/index_reg[1]_rep__0_1[0]                    |                                                   |                3 |              8 |         2.67 |
|  clk_IBUF_BUFG | uart_rx_inst/index_reg[1]_rep__0_5[0]                    |                                                   |                2 |              8 |         4.00 |
|  clk_IBUF_BUFG | uart_rx_inst/index_reg[1]_rep__0_7[0]                    |                                                   |                2 |              8 |         4.00 |
|  clk_IBUF_BUFG | uart_rx_inst/index_reg[1]_rep__0_10[0]                   |                                                   |                1 |              8 |         8.00 |
|  clk_IBUF_BUFG | uart_rx_inst/index_reg[1]_rep__0_8[0]                    |                                                   |                6 |              8 |         1.33 |
|  clk_IBUF_BUFG | uart_rx_inst/index_reg[1]_rep__1_0[0]                    |                                                   |                1 |              8 |         8.00 |
|  clk_IBUF_BUFG | uart_rx_inst/index_reg[0]_12[0]                          |                                                   |                3 |              8 |         2.67 |
|  clk_IBUF_BUFG | uart_rx_inst/index_reg[1]_rep__1_11[0]                   |                                                   |                3 |              8 |         2.67 |
|  clk_IBUF_BUFG | uart_rx_inst/index_reg[0]_10[0]                          |                                                   |                3 |              8 |         2.67 |
|  clk_IBUF_BUFG | uart_rx_inst/index_reg[0]_5[0]                           |                                                   |                5 |              8 |         1.60 |
|  clk_IBUF_BUFG | uart_rx_inst/index_reg[1]_rep__0_12[0]                   |                                                   |                5 |              8 |         1.60 |
|  clk_IBUF_BUFG | uart_rx_inst/index_reg[1]_rep__0_4[0]                    |                                                   |                2 |              8 |         4.00 |
|  clk_IBUF_BUFG | uart_tx_inst/bittimer                                    | uart_tx_inst/bittimer[9]_i_1__0_n_0               |                4 |              9 |         2.25 |
|  clk_IBUF_BUFG |                                                          | uart_rx_inst/bittimer[10]_i_1_n_0                 |                4 |             10 |         2.50 |
|  clk_IBUF_BUFG | decrypt_inst/key_expansion/temp[0]_i_1__0_n_0            | decrypt_inst/key_expansion/temp[12]_i_1__0_n_0    |                2 |             10 |         5.00 |
|  clk_IBUF_BUFG | encrypt_inst/key_expansion/temp[0]_i_1_n_0               | encrypt_inst/key_expansion/temp[12]_i_1_n_0       |                2 |             10 |         5.00 |
|  clk_IBUF_BUFG | uart_rx_inst/bitcntr                                     |                                                   |                2 |             11 |         5.50 |
|  clk_IBUF_BUFG | encrypt_inst/key_expansion/w                             |                                                   |                5 |             14 |         2.80 |
|  clk_IBUF_BUFG | decrypt_inst/key_expansion/w                             |                                                   |                3 |             14 |         4.67 |
|  clk_IBUF_BUFG | index_3[5]_i_1_n_0                                       |                                                   |                4 |             14 |         3.50 |
|  clk_IBUF_BUFG | decrypt_inst/key_expansion/temp[0]_i_1__0_n_0            |                                                   |                8 |             22 |         2.75 |
|  clk_IBUF_BUFG | encrypt_inst/key_expansion/temp[0]_i_1_n_0               |                                                   |               10 |             22 |         2.20 |
|  clk_IBUF_BUFG |                                                          |                                                   |               12 |             24 |         2.00 |
|  clk_IBUF_BUFG |                                                          | reset_IBUF                                        |               10 |             26 |         2.60 |
|  clk_IBUF_BUFG | encrypt_inst/key_expansion/index_2[31]_i_2_n_0           | encrypt_inst/key_expansion/index_2[31]_i_1__0_n_0 |                9 |             32 |         3.56 |
|  clk_IBUF_BUFG | decrypt_inst/key_expansion/w[4][0]_i_1__0_n_0            |                                                   |               10 |             32 |         3.20 |
|  clk_IBUF_BUFG | decrypt_inst/key_expansion/w[6][0]_i_1__0_n_0            |                                                   |               10 |             32 |         3.20 |
|  clk_IBUF_BUFG | decrypt_inst/key_expansion/w[7][0]_i_1__0_n_0            |                                                   |               13 |             32 |         2.46 |
|  clk_IBUF_BUFG | decrypt_inst/key_expansion/index_2[31]_i_2__0_n_0        | decrypt_inst/key_expansion/index_2[31]_i_1__1_n_0 |                9 |             32 |         3.56 |
|  clk_IBUF_BUFG | decrypt_inst/key_expansion/index[31]_i_2__0_n_0          | decrypt_inst/key_expansion/index[31]_i_1__1_n_0   |                9 |             32 |         3.56 |
|  clk_IBUF_BUFG | encrypt_inst/key_expansion/w[5][0]_i_1_n_0               |                                                   |               12 |             32 |         2.67 |
|  clk_IBUF_BUFG | encrypt_inst/key_expansion/w[7][0]_i_1_n_0               |                                                   |               12 |             32 |         2.67 |
|  clk_IBUF_BUFG | encrypt_inst/key_expansion/w[4][0]_i_1_n_0               |                                                   |               14 |             32 |         2.29 |
|  clk_IBUF_BUFG | encrypt_inst/key_expansion/w[6][0]_i_1_n_0               |                                                   |               11 |             32 |         2.91 |
|  clk_IBUF_BUFG | encrypt_inst/key_expansion/index[31]_i_2_n_0             | encrypt_inst/key_expansion/index[31]_i_1__0_n_0   |                8 |             32 |         4.00 |
|  clk_IBUF_BUFG | decrypt_inst/key_expansion/w[5][0]_i_1__0_n_0            |                                                   |               13 |             32 |         2.46 |
|  clk_IBUF_BUFG | uart_tx_inst/reset                                       | uart_tx_inst/FSM_sequential_state_reg[0]_1        |                9 |             32 |         3.56 |
|  clk_IBUF_BUFG | uart_tx_inst/FSM_sequential_state_reg[0]_2               | reset_IBUF                                        |               12 |             35 |         2.92 |
|  clk_IBUF_BUFG | encrypt_inst/key_expansion/w                             | encrypt_inst/key_expansion/w[3][0]_i_1_n_0        |               39 |            114 |         2.92 |
|  clk_IBUF_BUFG | decrypt_inst/key_expansion/w                             | decrypt_inst/key_expansion/w[3][0]_i_1__0_n_0     |               30 |            114 |         3.80 |
|  clk_IBUF_BUFG | decrypt_inst/key_expansion/round_keys[0][0]_P_i_1__0_n_0 |                                                   |               87 |            128 |         1.47 |
|  clk_IBUF_BUFG | encrypt_inst/key_expansion/round_keys[0][0]_P_i_1_n_0    |                                                   |               82 |            128 |         1.56 |
|  clk_IBUF_BUFG | encrypt_inst/Core/last_state_reg_rep[7]_i_1_n_0          | reset_IBUF                                        |              109 |            128 |         1.17 |
|  clk_IBUF_BUFG | decrypt_inst/Core/data_out_reg[127]_i_1__0_n_0           | reset_IBUF                                        |               51 |            128 |         2.51 |
|  clk_IBUF_BUFG | encrypt_inst/FSM_sequential_state_reg[1]                 | reset_IBUF                                        |               34 |            128 |         3.76 |
|  clk_IBUF_BUFG | encrypt_inst/Core/data_out_reg[127]_i_1_n_0              | reset_IBUF                                        |               52 |            128 |         2.46 |
|  clk_IBUF_BUFG | decrypt_inst/plain_text                                  | reset_IBUF                                        |               51 |            128 |         2.51 |
|  clk_IBUF_BUFG | encrypt_inst/key_expansion/expanded_key[0]_i_1_n_0       | reset_IBUF                                        |               68 |            128 |         1.88 |
|  clk_IBUF_BUFG | decrypt_inst/Core/last_state_reg_rep[7]_i_1__0_n_0       | reset_IBUF                                        |              119 |            128 |         1.08 |
|  clk_IBUF_BUFG | decrypt_inst/key_expansion/expanded_key[0]_i_1__0_n_0    | reset_IBUF                                        |               63 |            128 |         2.03 |
|  clk_IBUF_BUFG | encrypt_inst/p_0_in                                      |                                                   |               32 |            128 |         4.00 |
|  clk_IBUF_BUFG | encrypt_inst/Core/state_reg[127]_i_1_n_0                 | reset_IBUF                                        |               62 |            136 |         2.19 |
|  clk_IBUF_BUFG | decrypt_inst/Core/state_reg[127]_i_1__0_n_0              | reset_IBUF                                        |               54 |            136 |         2.52 |
|  clk_IBUF_BUFG | encrypt_inst/Core/E[0]                                   | reset_IBUF                                        |               81 |            256 |         3.16 |
|  clk_IBUF_BUFG | decrypt_inst/Core/E[0]                                   | reset_IBUF                                        |               96 |            256 |         2.67 |
|  clk_IBUF_BUFG | plain_text_reg_r1_0_3_0_5_i_1_n_0                        |                                                   |               43 |            344 |         8.00 |
|  clk_IBUF_BUFG | encrypt_inst/key_expansion/round_keys[1][0]_i_1_n_0      |                                                   |              451 |           1280 |         2.84 |
|  clk_IBUF_BUFG | decrypt_inst/key_expansion/round_keys[1][0]_i_1__0_n_0   |                                                   |              449 |           1280 |         2.85 |
+----------------+----------------------------------------------------------+---------------------------------------------------+------------------+----------------+--------------+


